ets Jul 29 2019 12:21:46

rst:0x1 (POWERON_RESET),boot:0x13 (SPI_FAST_FLASH_BOOT)
configsip: 0, SPIWP:0xee
clk_drv:0x00,q_drv:0x00,d_drv:0x00,cs0_drv:0x00,hd_drv:0x00,wp_drv:0x00
mode:DIO, clock div:2
load:0x3fff0030,len:7176
load:0x40078000,len:15564
ho 0 tail 12 room 4
load:0x40080400,len:4
load:0x40080404,len:3904
entry 0x40080640
[0;32mI (31) boot: ESP-IDF v5.3.1-dirty 2nd stage bootloader[0m
[0;32mI (31) boot: compile time May 20 2025 16:21:37[0m
[0;32mI (31) boot: Multicore bootloader[0m
[0;32mI (36) boot: chip revision: v3.1[0m
[0;32mI (40) boot.esp32: SPI Speed      : 40MHz[0m
[0;32mI (44) boot.esp32: SPI Mode       : DIO[0m
[0;32mI (49) boot.esp32: SPI Flash Size : 4MB[0m
[0;32mI (53) boot: Enabling RNG early entropy source...[0m
[0;32mI (59) boot: Partition Table:[0m
[0;32mI (62) boot: ## Label            Usage          Type ST Offset   Length[0m
[0;32mI (70) boot:  0 nvs              WiFi data        01 02 00009000 00006000[0m
[0;32mI (77) boot:  1 phy_init         RF data          01 01 0000f000 00001000[0m
[0;32mI (85) boot:  2 factory          factory app      00 00 00010000 00100000[0m
[0;32mI (92) boot: End of partition table[0m
[0;32mI (96) esp_image: segment 0: paddr=00010020 vaddr=3f400020 size=264dch (156892) map[0m
[0;32mI (159) esp_image: segment 1: paddr=00036504 vaddr=3ffb0000 size=03f38h ( 16184) load[0m
[0;32mI (165) esp_image: segment 2: paddr=0003a444 vaddr=40080000 size=05bd4h ( 23508) load[0m
[0;32mI (174) esp_image: segment 3: paddr=00040020 vaddr=400d0020 size=9ed98h (650648) map[0m
[0;32mI (397) esp_image: segment 4: paddr=000dedc0 vaddr=40085bd4 size=12814h ( 75796) load[0m
[0;32mI (439) boot: Loaded app from partition at offset 0x10000[0m
[0;32mI (440) boot: Disabling RNG early entropy source...[0m
[0;32mI (452) cpu_start: Multicore app[0m
[0;32mI (460) cpu_start: Pro cpu start user code[0m
[0;32mI (460) cpu_start: cpu freq: 160000000 Hz[0m
[0;32mI (460) app_init: Application information:[0m
[0;32mI (463) app_init: Project name:     Esp32_dldkmt[0m
[0;32mI (468) app_init: App version:      v5.3.1-dirty[0m
[0;32mI (473) app_init: Compile time:     May 20 2025 16:23:06[0m
[0;32mI (479) app_init: ELF file SHA256:  e7629d660...[0m
[0;32mI (485) app_init: ESP-IDF:          v5.3.1-dirty[0m
[0;32mI (490) efuse_init: Min chip rev:     v0.0[0m
[0;32mI (495) efuse_init: Max chip rev:     v3.99 [0m
[0;32mI (500) efuse_init: Chip rev:         v3.1[0m
[0;32mI (505) heap_init: Initializing. RAM available for dynamic allocation:[0m
[0;32mI (512) heap_init: At 3FFAE6E0 len 00001920 (6 KiB): DRAM[0m
[0;32mI (518) heap_init: At 3FFB8958 len 000276A8 (157 KiB): DRAM[0m
[0;32mI (524) heap_init: At 3FFE0440 len 00003AE0 (14 KiB): D/IRAM[0m
[0;32mI (530) heap_init: At 3FFE4350 len 0001BCB0 (111 KiB): D/IRAM[0m
[0;32mI (537) heap_init: At 400983E8 len 00007C18 (31 KiB): IRAM[0m
[0;32mI (545) spi_flash: detected chip: generic[0m
[0;32mI (548) spi_flash: flash io: dio[0m
[0;32mI (553) main_task: Started on CPU0[0m
[0;32mI (563) main_task: Calling app_main()[0m
[0;32mI (563) MQTT_UART: [APP] Startup..[0m
[0;32mI (563) MQTT_UART: [APP] Free memory: 276588 bytes[0m
[0;32mI (563) MQTT_UART: [APP] IDF version: v5.3.1-dirty[0m
[0;32mI (593) MQTT_UART: Starting Wi-Fi Station[0m
I (603) wifi:wifi driver task: 3ffc08c4, prio:23, stack:6656, core=0
I (613) wifi:wifi firmware version: ccaebfa
I (613) wifi:wifi certification version: v7.0
I (613) wifi:config NVS flash: enabled
I (613) wifi:config nano formating: disabled
I (613) wifi:Init data frame dynamic rx buffer num: 32
I (623) wifi:Init static rx mgmt buffer num: 5
I (623) wifi:Init management short buffer num: 32
I (633) wifi:Init dynamic tx buffer num: 32
I (633) wifi:Init static rx buffer size: 1600
I (643) wifi:Init static rx buffer num: 10
I (643) wifi:Init dynamic rx buffer num: 32
[0;32mI (643) wifi_init: rx ba win: 6[0m
[0;32mI (653) wifi_init: accept mbox: 6[0m
[0;32mI (653) wifi_init: tcpip mbox: 32[0m
[0;32mI (653) wifi_init: udp mbox: 6[0m
[0;32mI (663) wifi_init: tcp mbox: 6[0m
[0;32mI (663) wifi_init: tcp tx win: 5760[0m
[0;32mI (673) wifi_init: tcp rx win: 5760[0m
[0;32mI (673) wifi_init: tcp mss: 1440[0m
[0;32mI (673) wifi_init: WiFi IRAM OP enabled[0m
[0;32mI (683) wifi_init: WiFi RX IRAM OP enabled[0m
[0;32mI (693) phy_init: phy_version 4830,54550f7,Jun 20 2024,14:22:08[0m
I (763) wifi:mode : sta (5c:01:3b:6c:01:6c)
I (763) wifi:enable tsf
[0;32mI (763) MQTT_UART: WiFi STA mode initialized[0m
[0;32mI (773) MQTT_UART: [STA_START] esp_wifi_connect() = ESP_OK[0m
I (783) wifi:new:<8,0>, old:<1,0>, ap:<255,255>, sta:<8,0>, prof:1, snd_ch_cfg:0x0
I (783) wifi:state: init -> auth (0xb0)
I (793) wifi:state: auth -> assoc (0x0)
I (793) wifi:state: assoc -> run (0x10)
I (903) wifi:connected with Bin, aid = 3, channel 8, BW20, bssid = f8:64:b8:c3:76:48
I (903) wifi:security: WPA2-PSK, phy: bgn, rssi: -65
I (903) wifi:pm start, type: 1

I (903) wifi:dp: 1, bi: 102400, li: 3, scale listen interval from 307200 us to 307200 us
I (943) wifi:AP's beacon interval = 102400 us, DTIM period = 1
I (3113) wifi:<ba-add>idx:0 (ifx:0, f8:64:b8:c3:76:48), tid:0, ssn:0, winSize:64
[0;32mI (4913) esp_netif_handlers: sta ip: 192.168.1.12, mask: 255.255.255.0, gw: 192.168.1.1[0m
[0;32mI (4913) MQTT_UART: Got IP: 192.168.1.12[0m
[0;32mI (4913) MQTT_UART: Connected to Wi-Fi[0m
[0;32mI (4923) MQTT_UART: MQTT_EVENT_ERROR[0m
I (4933) wifi:<ba-add>idx:1 (ifx:0, f8:64:b8:c3:76:48), tid:6, ssn:2, winSize:64
[0;32mI (5283) MQTT_UART: MQTT_EVENT_CONNECTED[0m
[0;32mI (5293) MQTT_UART: Subscribed to topics[0m
[0;32mI (5463) MQTT_UART: MQTT_EVENT_SUBSCRIBED[0m
[0;32mI (5593) MQTT_UART: MQTT_EVENT_SUBSCRIBED[0m
[0;32mI (5973) MQTT_UART: MQTT_EVENT_SUBSCRIBED[0m
[0;32mI (5983) MQTT_UART: MQTT_EVENT_SUBSCRIBED[0m
[0;32mI (5983) MQTT_UART: MQTT_EVENT_SUBSCRIBED[0m
[0;32mI (12223) MQTT_UART: MQTT_EVENT_DATA[0m
TOPIC=/sensor/water_temperature
DATA=aaaaaaaaaa
[0;32mI (14933) MQTT_UART: UART received: [0m
[0;32mI (15433) MQTT_UART: UART received: ï¿½ï¿½ï¿½[0m
[0;32mI (15433) MQTT_UART: Sent via UART: ï¿½ï¿½ï¿½[0m
[0;32mI (15933) MQTT_UART: Sent via UART: ï¿½ï¿½ï¿½[0m
[0;32mI (16433) MQTT_UART: Sent via UART: ï¿½ï¿½ï¿½[0m
[0;32mI (16933) MQTT_UART: Sent via UART: ï¿½ï¿½ï¿½[0m
[0;32mI (17433) MQTT_UART: Sent via UART: ï¿½ï¿½ï¿½[0m
[0;32mI (17933) MQTT_UART: Sent via UART: ï¿½ï¿½ï¿½[0m
[0;32mI (18323) MQTT_UART: UART received: ï¿½
[0;32mI (18433) MQTT_UART: Sent via UART: ï¿½
[0;32mI (18933) MQTT_UART: Sent via UART: ï¿½
[0;32mI (19433) MQTT_UART: Sent via UART: ï¿½
[0;32mI (19933) MQTT_UART: Sent via UART: ï¿½
[0;32mI (20063) MQTT_UART: UART received: [0m
[0;32mI (20613) MQTT_UART: UART received: [0m
[0;32mI (28313) MQTT_UART: UART received: ï¿½
[0;32mI (28433) MQTT_UART: Sent via UART: ï¿½
[0;32mI (28933) MQTT_UART: Sent via UART: ï¿½
[0;32mI (29433) MQTT_UART: Sent via UART: ï¿½
[0;32mI (29933) MQTT_UART: Sent via UART: ï¿½
[0;32mI (30433) MQTT_UART: Sent via UART: ï¿½
[0;32mI (30933) MQTT_UART: Sent via UART: ï¿½
[0;32mI (31433) MQTT_UART: Sent via UART: ï¿½
[0;32mI (31933) MQTT_UART: Sent via UART: ï¿½
[0;32mI (32433) MQTT_UART: Sent via UART: ï¿½
[0;32mI (32933) MQTT_UART: Sent via UART: ï¿½
[0;32mI (33433) MQTT_UART: Sent via UART: ï¿½
[0;32mI (33933) MQTT_UART: Sent via UART: ï¿½
[0;32mI (34433) MQTT_UART: Sent via UART: ï¿½
[0;32mI (34933) MQTT_UART: Sent via UART: ï¿½
[0;32mI (35433) MQTT_UART: Sent via UART: ï¿½
[0;32mI (35933) MQTT_UART: Sent via UART: ï¿½
[0;32mI (36433) MQTT_UART: Sent via UART: ï¿½
[0;32mI (36933) MQTT_UART: Sent via UART: ï¿½
